Command line invocation:
    /Applications/Xcode.app/Contents/Developer/usr/bin/xcodebuild test -scheme PrintFarmer -destination "platform=iOS Simulator,name=iPhone 17" "-only-testing:PrintFarmerTests/AutoDispatchViewModelTests"

Resolve Package Graph


Resolved source packages:
  KeychainSwift: https://github.com/evgenyneu/keychain-swift.git @ 24.0.0

ComputePackagePrebuildTargetDependencyGraph

Prepare packages

CreateBuildRequest

SendProjectDescription

CreateBuildOperation

ComputeTargetDependencyGraph
note: Building targets in dependency order
note: Target dependency graph (4 targets)
    Target 'PrintFarmerTests' in project 'PrintFarmer'
        ➜ Explicit dependency on target 'PrintFarmer' in project 'PrintFarmer'
    Target 'PrintFarmer' in project 'PrintFarmer'
        ➜ Explicit dependency on target 'KeychainSwift' in project 'KeychainSwift'
    Target 'KeychainSwift' in project 'KeychainSwift'
        ➜ Explicit dependency on target 'KeychainSwift' in project 'KeychainSwift'
    Target 'KeychainSwift' in project 'KeychainSwift' (no dependencies)

GatherProvisioningInputs

CreateBuildDescription

ExecuteExternalTool /Applications/Xcode.app/Contents/Developer/Toolchains/XcodeDefault.xctoolchain/usr/bin/clang -v -E -dM -isysroot /Applications/Xcode.app/Contents/Developer/Platforms/iPhoneSimulator.platform/Developer/SDKs/iPhoneSimulator26.2.sdk -x c -c /dev/null

ExecuteExternalTool /Applications/Xcode.app/Contents/Developer/Toolchains/XcodeDefault.xctoolchain/usr/bin/swiftc --version

ExecuteExternalTool /Applications/Xcode.app/Contents/Developer/usr/bin/ibtool --version --output-format xml1

ExecuteExternalTool /Applications/Xcode.app/Contents/Developer/usr/bin/actool --print-asset-tag-combinations --output-format xml1 /Users/jpapiez/s/PFarm-Ios/PrintFarmer/Assets.xcassets

ExecuteExternalTool /Applications/Xcode.app/Contents/Developer/Toolchains/XcodeDefault.xctoolchain/usr/bin/ld -version_details

ExecuteExternalTool /Applications/Xcode.app/Contents/Developer/usr/bin/actool --version --output-format xml1

Build description signature: 9e821d682f20c0baa47c5dfe28931793
Build description path: /Users/jpapiez/Library/Developer/Xcode/DerivedData/PrintFarmer-byzwiywlonqvgbabpubbocwdkoyx/Build/Intermediates.noindex/XCBuildData/9e821d682f20c0baa47c5dfe28931793.xcbuilddata
ClangStatCache /Applications/Xcode.app/Contents/Developer/Toolchains/XcodeDefault.xctoolchain/usr/bin/clang-stat-cache /Applications/Xcode.app/Contents/Developer/Platforms/iPhoneSimulator.platform/Developer/SDKs/iPhoneSimulator26.2.sdk /Users/jpapiez/Library/Developer/Xcode/DerivedData/SDKStatCaches.noindex/iphonesimulator26.2-23C53-7d00a8b37fbd7999ea79df8ebc024bf0.sdkstatcache
    cd /Users/jpapiez/s/PFarm-Ios/PrintFarmer.xcodeproj
    /Applications/Xcode.app/Contents/Developer/Toolchains/XcodeDefault.xctoolchain/usr/bin/clang-stat-cache /Applications/Xcode.app/Contents/Developer/Platforms/iPhoneSimulator.platform/Developer/SDKs/iPhoneSimulator26.2.sdk -o /Users/jpapiez/Library/Developer/Xcode/DerivedData/SDKStatCaches.noindex/iphonesimulator26.2-23C53-7d00a8b37fbd7999ea79df8ebc024bf0.sdkstatcache

WriteAuxiliaryFile /Users/jpapiez/Library/Developer/Xcode/DerivedData/PrintFarmer-byzwiywlonqvgbabpubbocwdkoyx/Build/Intermediates.noindex/PrintFarmer.build/Debug-iphonesimulator/PrintFarmer.build/Objects-normal/arm64/PrintFarmer.SwiftConstValuesFileList (in target 'PrintFarmer' from project 'PrintFarmer')
    cd /Users/jpapiez/s/PFarm-Ios
    write-file /Users/jpapiez/Library/Developer/Xcode/DerivedData/PrintFarmer-byzwiywlonqvgbabpubbocwdkoyx/Build/Intermediates.noindex/PrintFarmer.build/Debug-iphonesimulator/PrintFarmer.build/Objects-normal/arm64/PrintFarmer.SwiftConstValuesFileList

WriteAuxiliaryFile /Users/jpapiez/Library/Developer/Xcode/DerivedData/PrintFarmer-byzwiywlonqvgbabpubbocwdkoyx/Build/Intermediates.noindex/PrintFarmer.build/Debug-iphonesimulator/PrintFarmer.build/Objects-normal/arm64/PrintFarmer.SwiftFileList (in target 'PrintFarmer' from project 'PrintFarmer')
    cd /Users/jpapiez/s/PFarm-Ios
    write-file /Users/jpapiez/Library/Developer/Xcode/DerivedData/PrintFarmer-byzwiywlonqvgbabpubbocwdkoyx/Build/Intermediates.noindex/PrintFarmer.build/Debug-iphonesimulator/PrintFarmer.build/Objects-normal/arm64/PrintFarmer.SwiftFileList

WriteAuxiliaryFile /Users/jpapiez/Library/Developer/Xcode/DerivedData/PrintFarmer-byzwiywlonqvgbabpubbocwdkoyx/Build/Intermediates.noindex/PrintFarmer.build/Debug-iphonesimulator/PrintFarmer.build/Objects-normal/arm64/PrintFarmer.LinkFileList (in target 'PrintFarmer' from project 'PrintFarmer')
    cd /Users/jpapiez/s/PFarm-Ios
    write-file /Users/jpapiez/Library/Developer/Xcode/DerivedData/PrintFarmer-byzwiywlonqvgbabpubbocwdkoyx/Build/Intermediates.noindex/PrintFarmer.build/Debug-iphonesimulator/PrintFarmer.build/Objects-normal/arm64/PrintFarmer.LinkFileList

WriteAuxiliaryFile /Users/jpapiez/Library/Developer/Xcode/DerivedData/PrintFarmer-byzwiywlonqvgbabpubbocwdkoyx/Build/Intermediates.noindex/PrintFarmer.build/Debug-iphonesimulator/PrintFarmer.build/Objects-normal/arm64/PrintFarmer-OutputFileMap.json (in target 'PrintFarmer' from project 'PrintFarmer')
    cd /Users/jpapiez/s/PFarm-Ios
    write-file /Users/jpapiez/Library/Developer/Xcode/DerivedData/PrintFarmer-byzwiywlonqvgbabpubbocwdkoyx/Build/Intermediates.noindex/PrintFarmer.build/Debug-iphonesimulator/PrintFarmer.build/Objects-normal/arm64/PrintFarmer-OutputFileMap.json

MkDir /Users/jpapiez/Library/Developer/Xcode/DerivedData/PrintFarmer-byzwiywlonqvgbabpubbocwdkoyx/Build/Products/Debug-iphonesimulator/PrintFarmer.app/PlugIns (in target 'PrintFarmer' from project 'PrintFarmer')
    cd /Users/jpapiez/s/PFarm-Ios
    /bin/mkdir -p /Users/jpapiez/Library/Developer/Xcode/DerivedData/PrintFarmer-byzwiywlonqvgbabpubbocwdkoyx/Build/Products/Debug-iphonesimulator/PrintFarmer.app/PlugIns

MkDir /Users/jpapiez/Library/Developer/Xcode/DerivedData/PrintFarmer-byzwiywlonqvgbabpubbocwdkoyx/Build/Products/Debug-iphonesimulator/PrintFarmer.app/Frameworks (in target 'PrintFarmer' from project 'PrintFarmer')
    cd /Users/jpapiez/s/PFarm-Ios
    /bin/mkdir -p /Users/jpapiez/Library/Developer/Xcode/DerivedData/PrintFarmer-byzwiywlonqvgbabpubbocwdkoyx/Build/Products/Debug-iphonesimulator/PrintFarmer.app/Frameworks

Copy /Users/jpapiez/Library/Developer/Xcode/DerivedData/PrintFarmer-byzwiywlonqvgbabpubbocwdkoyx/Build/Intermediates.noindex/GeneratedModuleMaps-iphonesimulator/KeychainSwift.modulemap /Users/jpapiez/Library/Developer/Xcode/DerivedData/PrintFarmer-byzwiywlonqvgbabpubbocwdkoyx/Build/Intermediates.noindex/KeychainSwift.build/Debug-iphonesimulator/KeychainSwift.build/KeychainSwift.modulemap (in target 'KeychainSwift' from project 'KeychainSwift')
    cd /Users/jpapiez/Library/Developer/Xcode/DerivedData/PrintFarmer-byzwiywlonqvgbabpubbocwdkoyx/SourcePackages/checkouts/keychain-swift
    builtin-copy -exclude .DS_Store -exclude CVS -exclude .svn -exclude .git -exclude .hg -resolve-src-symlinks /Users/jpapiez/Library/Developer/Xcode/DerivedData/PrintFarmer-byzwiywlonqvgbabpubbocwdkoyx/Build/Intermediates.noindex/KeychainSwift.build/Debug-iphonesimulator/KeychainSwift.build/KeychainSwift.modulemap /Users/jpapiez/Library/Developer/Xcode/DerivedData/PrintFarmer-byzwiywlonqvgbabpubbocwdkoyx/Build/Intermediates.noindex/GeneratedModuleMaps-iphonesimulator

WriteAuxiliaryFile /Users/jpapiez/Library/Developer/Xcode/DerivedData/PrintFarmer-byzwiywlonqvgbabpubbocwdkoyx/Build/Intermediates.noindex/PrintFarmer.build/Debug-iphonesimulator/PrintFarmerTests.build/PrintFarmerTests.hmap (in target 'PrintFarmerTests' from project 'PrintFarmer')
    cd /Users/jpapiez/s/PFarm-Ios
    write-file /Users/jpapiez/Library/Developer/Xcode/DerivedData/PrintFarmer-byzwiywlonqvgbabpubbocwdkoyx/Build/Intermediates.noindex/PrintFarmer.build/Debug-iphonesimulator/PrintFarmerTests.build/PrintFarmerTests.hmap

WriteAuxiliaryFile /Users/jpapiez/Library/Developer/Xcode/DerivedData/PrintFarmer-byzwiywlonqvgbabpubbocwdkoyx/Build/Intermediates.noindex/PrintFarmer.build/Debug-iphonesimulator/PrintFarmerTests.build/PrintFarmerTests-all-non-framework-target-headers.hmap (in target 'PrintFarmerTests' from project 'PrintFarmer')
    cd /Users/jpapiez/s/PFarm-Ios
    write-file /Users/jpapiez/Library/Developer/Xcode/DerivedData/PrintFarmer-byzwiywlonqvgbabpubbocwdkoyx/Build/Intermediates.noindex/PrintFarmer.build/Debug-iphonesimulator/PrintFarmerTests.build/PrintFarmerTests-all-non-framework-target-headers.hmap

WriteAuxiliaryFile /Users/jpapiez/Library/Developer/Xcode/DerivedData/PrintFarmer-byzwiywlonqvgbabpubbocwdkoyx/Build/Intermediates.noindex/PrintFarmer.build/Debug-iphonesimulator/PrintFarmerTests.build/PrintFarmerTests.DependencyStaticMetadataFileList (in target 'PrintFarmerTests' from project 'PrintFarmer')
    cd /Users/jpapiez/s/PFarm-Ios
    write-file /Users/jpapiez/Library/Developer/Xcode/DerivedData/PrintFarmer-byzwiywlonqvgbabpubbocwdkoyx/Build/Intermediates.noindex/PrintFarmer.build/Debug-iphonesimulator/PrintFarmerTests.build/PrintFarmerTests.DependencyStaticMetadataFileList

WriteAuxiliaryFile /Users/jpapiez/Library/Developer/Xcode/DerivedData/PrintFarmer-byzwiywlonqvgbabpubbocwdkoyx/Build/Intermediates.noindex/PrintFarmer.build/Debug-iphonesimulator/PrintFarmerTests.build/PrintFarmerTests-all-target-headers.hmap (in target 'PrintFarmerTests' from project 'PrintFarmer')
    cd /Users/jpapiez/s/PFarm-Ios
    write-file /Users/jpapiez/Library/Developer/Xcode/DerivedData/PrintFarmer-byzwiywlonqvgbabpubbocwdkoyx/Build/Intermediates.noindex/PrintFarmer.build/Debug-iphonesimulator/PrintFarmerTests.build/PrintFarmerTests-all-target-headers.hmap

WriteAuxiliaryFile /Users/jpapiez/Library/Developer/Xcode/DerivedData/PrintFarmer-byzwiywlonqvgbabpubbocwdkoyx/Build/Intermediates.noindex/PrintFarmer.build/Debug-iphonesimulator/PrintFarmerTests.build/empty-PrintFarmerTests.plist (in target 'PrintFarmerTests' from project 'PrintFarmer')
    cd /Users/jpapiez/s/PFarm-Ios
    write-file /Users/jpapiez/Library/Developer/Xcode/DerivedData/PrintFarmer-byzwiywlonqvgbabpubbocwdkoyx/Build/Intermediates.noindex/PrintFarmer.build/Debug-iphonesimulator/PrintFarmerTests.build/empty-PrintFarmerTests.plist

WriteAuxiliaryFile /Users/jpapiez/Library/Developer/Xcode/DerivedData/PrintFarmer-byzwiywlonqvgbabpubbocwdkoyx/Build/Intermediates.noindex/PrintFarmer.build/Debug-iphonesimulator/PrintFarmerTests.build/PrintFarmerTests.DependencyMetadataFileList (in target 'PrintFarmerTests' from project 'PrintFarmer')
    cd /Users/jpapiez/s/PFarm-Ios
    write-file /Users/jpapiez/Library/Developer/Xcode/DerivedData/PrintFarmer-byzwiywlonqvgbabpubbocwdkoyx/Build/Intermediates.noindex/PrintFarmer.build/Debug-iphonesimulator/PrintFarmerTests.build/PrintFarmerTests.DependencyMetadataFileList

WriteAuxiliaryFile /Users/jpapiez/Library/Developer/Xcode/DerivedData/PrintFarmer-byzwiywlonqvgbabpubbocwdkoyx/Build/Intermediates.noindex/PrintFarmer.build/Debug-iphonesimulator/PrintFarmerTests.build/PrintFarmerTests-project-headers.hmap (in target 'PrintFarmerTests' from project 'PrintFarmer')
    cd /Users/jpapiez/s/PFarm-Ios
    write-file /Users/jpapiez/Library/Developer/Xcode/DerivedData/PrintFarmer-byzwiywlonqvgbabpubbocwdkoyx/Build/Intermediates.noindex/PrintFarmer.build/Debug-iphonesimulator/PrintFarmerTests.build/PrintFarmerTests-project-headers.hmap

WriteAuxiliaryFile /Users/jpapiez/Library/Developer/Xcode/DerivedData/PrintFarmer-byzwiywlonqvgbabpubbocwdkoyx/Build/Intermediates.noindex/PrintFarmer.build/Debug-iphonesimulator/PrintFarmerTests.build/PrintFarmerTests-own-target-headers.hmap (in target 'PrintFarmerTests' from project 'PrintFarmer')
    cd /Users/jpapiez/s/PFarm-Ios
    write-file /Users/jpapiez/Library/Developer/Xcode/DerivedData/PrintFarmer-byzwiywlonqvgbabpubbocwdkoyx/Build/Intermediates.noindex/PrintFarmer.build/Debug-iphonesimulator/PrintFarmerTests.build/PrintFarmerTests-own-target-headers.hmap

WriteAuxiliaryFile /Users/jpapiez/Library/Developer/Xcode/DerivedData/PrintFarmer-byzwiywlonqvgbabpubbocwdkoyx/Build/Intermediates.noindex/PrintFarmer.build/Debug-iphonesimulator/PrintFarmerTests.build/PrintFarmerTests-generated-files.hmap (in target 'PrintFarmerTests' from project 'PrintFarmer')
    cd /Users/jpapiez/s/PFarm-Ios
    write-file /Users/jpapiez/Library/Developer/Xcode/DerivedData/PrintFarmer-byzwiywlonqvgbabpubbocwdkoyx/Build/Intermediates.noindex/PrintFarmer.build/Debug-iphonesimulator/PrintFarmerTests.build/PrintFarmerTests-generated-files.hmap

WriteAuxiliaryFile /Users/jpapiez/Library/Developer/Xcode/DerivedData/PrintFarmer-byzwiywlonqvgbabpubbocwdkoyx/Build/Intermediates.noindex/PrintFarmer.build/Debug-iphonesimulator/PrintFarmerTests.build/Objects-normal/arm64/PrintFarmerTests.SwiftFileList (in target 'PrintFarmerTests' from project 'PrintFarmer')
    cd /Users/jpapiez/s/PFarm-Ios
    write-file /Users/jpapiez/Library/Developer/Xcode/DerivedData/PrintFarmer-byzwiywlonqvgbabpubbocwdkoyx/Build/Intermediates.noindex/PrintFarmer.build/Debug-iphonesimulator/PrintFarmerTests.build/Objects-normal/arm64/PrintFarmerTests.SwiftFileList

WriteAuxiliaryFile /Users/jpapiez/Library/Developer/Xcode/DerivedData/PrintFarmer-byzwiywlonqvgbabpubbocwdkoyx/Build/Intermediates.noindex/PrintFarmer.build/Debug-iphonesimulator/PrintFarmerTests.build/Objects-normal/arm64/PrintFarmerTests.SwiftConstValuesFileList (in target 'PrintFarmerTests' from project 'PrintFarmer')
    cd /Users/jpapiez/s/PFarm-Ios
    write-file /Users/jpapiez/Library/Developer/Xcode/DerivedData/PrintFarmer-byzwiywlonqvgbabpubbocwdkoyx/Build/Intermediates.noindex/PrintFarmer.build/Debug-iphonesimulator/PrintFarmerTests.build/Objects-normal/arm64/PrintFarmerTests.SwiftConstValuesFileList

MkDir /Users/jpapiez/Library/Developer/Xcode/DerivedData/PrintFarmer-byzwiywlonqvgbabpubbocwdkoyx/Build/Products/Debug-iphonesimulator/PrintFarmer.app/PlugIns/PrintFarmerTests.xctest (in target 'PrintFarmerTests' from project 'PrintFarmer')
    cd /Users/jpapiez/s/PFarm-Ios
    /bin/mkdir -p /Users/jpapiez/Library/Developer/Xcode/DerivedData/PrintFarmer-byzwiywlonqvgbabpubbocwdkoyx/Build/Products/Debug-iphonesimulator/PrintFarmer.app/PlugIns/PrintFarmerTests.xctest

WriteAuxiliaryFile /Users/jpapiez/Library/Developer/Xcode/DerivedData/PrintFarmer-byzwiywlonqvgbabpubbocwdkoyx/Build/Intermediates.noindex/PrintFarmer.build/Debug-iphonesimulator/PrintFarmerTests.build/Objects-normal/arm64/PrintFarmerTests.LinkFileList (in target 'PrintFarmerTests' from project 'PrintFarmer')
    cd /Users/jpapiez/s/PFarm-Ios
    write-file /Users/jpapiez/Library/Developer/Xcode/DerivedData/PrintFarmer-byzwiywlonqvgbabpubbocwdkoyx/Build/Intermediates.noindex/PrintFarmer.build/Debug-iphonesimulator/PrintFarmerTests.build/Objects-normal/arm64/PrintFarmerTests.LinkFileList

WriteAuxiliaryFile /Users/jpapiez/Library/Developer/Xcode/DerivedData/PrintFarmer-byzwiywlonqvgbabpubbocwdkoyx/Build/Intermediates.noindex/PrintFarmer.build/Debug-iphonesimulator/PrintFarmerTests.build/Objects-normal/arm64/PrintFarmerTests-OutputFileMap.json (in target 'PrintFarmerTests' from project 'PrintFarmer')
    cd /Users/jpapiez/s/PFarm-Ios
    write-file /Users/jpapiez/Library/Developer/Xcode/DerivedData/PrintFarmer-byzwiywlonqvgbabpubbocwdkoyx/Build/Intermediates.noindex/PrintFarmer.build/Debug-iphonesimulator/PrintFarmerTests.build/Objects-normal/arm64/PrintFarmerTests-OutputFileMap.json

WriteAuxiliaryFile /Users/jpapiez/Library/Developer/Xcode/DerivedData/PrintFarmer-byzwiywlonqvgbabpubbocwdkoyx/Build/Intermediates.noindex/PrintFarmer.build/Debug-iphonesimulator/PrintFarmerTests.build/Objects-normal/arm64/PrintFarmerTests_const_extract_protocols.json (in target 'PrintFarmerTests' from project 'PrintFarmer')
    cd /Users/jpapiez/s/PFarm-Ios
    write-file /Users/jpapiez/Library/Developer/Xcode/DerivedData/PrintFarmer-byzwiywlonqvgbabpubbocwdkoyx/Build/Intermediates.noindex/PrintFarmer.build/Debug-iphonesimulator/PrintFarmerTests.build/Objects-normal/arm64/PrintFarmerTests_const_extract_protocols.json

SwiftDriver KeychainSwift normal arm64 com.apple.xcode.tools.swift.compiler (in target 'KeychainSwift' from project 'KeychainSwift')
    cd /Users/jpapiez/s/PFarm-Ios/PrintFarmer.xcodeproj
    builtin-SwiftDriver -- /Applications/Xcode.app/Contents/Developer/Toolchains/XcodeDefault.xctoolchain/usr/bin/swiftc -module-name KeychainSwift -Onone -enforce-exclusivity\=checked @/Users/jpapiez/Library/Developer/Xcode/DerivedData/PrintFarmer-byzwiywlonqvgbabpubbocwdkoyx/Build/Intermediates.noindex/KeychainSwift.build/Debug-iphonesimulator/KeychainSwift.build/Objects-normal/arm64/KeychainSwift.SwiftFileList -DSWIFT_PACKAGE -DDEBUG -DSWIFT_MODULE_RESOURCE_BUNDLE_UNAVAILABLE -DXcode -plugin-path /Applications/Xcode.app/Contents/Developer/Toolchains/XcodeDefault.xctoolchain/usr/lib/swift/host/plugins/testing -enable-experimental-feature DebugDescriptionMacro -sdk /Applications/Xcode.app/Contents/Developer/Platforms/iPhoneSimulator.platform/Developer/SDKs/iPhoneSimulator26.2.sdk -target arm64-apple-ios12.0-simulator -g -module-cache-path /Users/jpapiez/Library/Developer/Xcode/DerivedData/ModuleCache.noindex -Xfrontend -serialize-debugging-options -profile-coverage-mapping -profile-generate -enable-testing -suppress-warnings -index-store-path /Users/jpapiez/Library/Developer/Xcode/DerivedData/PrintFarmer-byzwiywlonqvgbabpubbocwdkoyx/Index.noindex/DataStore -Xcc -D_LIBCPP_HARDENING_MODE\=_LIBCPP_HARDENING_MODE_DEBUG -swift-version 5 -I /Users/jpapiez/Library/Developer/Xcode/DerivedData/PrintFarmer-byzwiywlonqvgbabpubbocwdkoyx/Build/Products/Debug-iphonesimulator -Isystem /Applications/Xcode.app/Contents/Developer/Platforms/iPhoneSimulator.platform/Developer/usr/lib -F /Users/jpapiez/Library/Developer/Xcode/DerivedData/PrintFarmer-byzwiywlonqvgbabpubbocwdkoyx/Build/Products/Debug-iphonesimulator -F /Applications/Xcode.app/Contents/Developer/Platforms/iPhoneSimulator.platform/Developer/Library/Frameworks -F /Applications/Xcode.app/Contents/Developer/Platforms/iPhoneSimulator.platform/Developer/SDKs/iPhoneSimulator26.2.sdk/Developer/Library/Frameworks -c -j16 -enable-batch-mode -incremental -Xcc -ivfsstatcache -Xcc /Users/jpapiez/Library/Developer/Xcode/DerivedData/SDKStatCaches.noindex/iphonesimulator26.2-23C53-7d00a8b37fbd7999ea79df8ebc024bf0.sdkstatcache -output-file-map /Users/jpapiez/Library/Developer/Xcode/DerivedData/PrintFarmer-byzwiywlonqvgbabpubbocwdkoyx/Build/Intermediates.noindex/KeychainSwift.build/Debug-iphonesimulator/KeychainSwift.build/Objects-normal/arm64/KeychainSwift-OutputFileMap.json -use-frontend-parseable-output -save-temps -no-color-diagnostics -explicit-module-build -module-cache-path /Users/jpapiez/Library/Developer/Xcode/DerivedData/PrintFarmer-byzwiywlonqvgbabpubbocwdkoyx/Build/Intermediates.noindex/SwiftExplicitPrecompiledModules -clang-scanner-module-cache-path /Users/jpapiez/Library/Developer/Xcode/DerivedData/ModuleCache.noindex -sdk-module-cache-path /Users/jpapiez/Library/Developer/Xcode/DerivedData/ModuleCache.noindex -serialize-diagnostics -emit-dependencies -emit-module -emit-module-path /Users/jpapiez/Library/Developer/Xcode/DerivedData/PrintFarmer-byzwiywlonqvgbabpubbocwdkoyx/Build/Intermediates.noindex/KeychainSwift.build/Debug-iphonesimulator/KeychainSwift.build/Objects-normal/arm64/KeychainSwift.swiftmodule -validate-clang-modules-once -clang-build-session-file /Users/jpapiez/Library/Developer/Xcode/DerivedData/ModuleCache.noindex/Session.modulevalidation -Xcc -I/Users/jpapiez/Library/Developer/Xcode/DerivedData/PrintFarmer-byzwiywlonqvgbabpubbocwdkoyx/Build/Intermediates.noindex/KeychainSwift.build/Debug-iphonesimulator/KeychainSwift.build/swift-overrides.hmap -emit-const-values -Xfrontend -const-gather-protocols-file -Xfrontend /Users/jpapiez/Library/Developer/Xcode/DerivedData/PrintFarmer-byzwiywlonqvgbabpubbocwdkoyx/Build/Intermediates.noindex/KeychainSwift.build/Debug-iphonesimulator/KeychainSwift.build/Objects-normal/arm64/KeychainSwift_const_extract_protocols.json -Xcc -I/Users/jpapiez/Library/Developer/Xcode/DerivedData/PrintFarmer-byzwiywlonqvgbabpubbocwdkoyx/Build/Products/Debug-iphonesimulator/include -Xcc -I/Users/jpapiez/Library/Developer/Xcode/DerivedData/PrintFarmer-byzwiywlonqvgbabpubbocwdkoyx/Build/Intermediates.noindex/KeychainSwift.build/Debug-iphonesimulator/KeychainSwift.build/DerivedSources-normal/arm64 -Xcc -I/Users/jpapiez/Library/Developer/Xcode/DerivedData/PrintFarmer-byzwiywlonqvgbabpubbocwdkoyx/Build/Intermediates.noindex/KeychainSwift.build/Debug-iphonesimulator/KeychainSwift.build/DerivedSources/arm64 -Xcc -I/Users/jpapiez/Library/Developer/Xcode/DerivedData/PrintFarmer-byzwiywlonqvgbabpubbocwdkoyx/Build/Intermediates.noindex/KeychainSwift.build/Debug-iphonesimulator/KeychainSwift.build/DerivedSources -Xcc -DSWIFT_PACKAGE -Xcc -DDEBUG\=1 -emit-objc-header -emit-objc-header-path /Users/jpapiez/Library/Developer/Xcode/DerivedData/PrintFarmer-byzwiywlonqvgbabpubbocwdkoyx/Build/Intermediates.noindex/KeychainSwift.build/Debug-iphonesimulator/KeychainSwift.build/Objects-normal/arm64/KeychainSwift-Swift.h -working-directory /Users/jpapiez/s/PFarm-Ios/PrintFarmer.xcodeproj -experimental-emit-module-separately -disable-cmo

SwiftDriver\ Compilation KeychainSwift normal arm64 com.apple.xcode.tools.swift.compiler (in target 'KeychainSwift' from project 'KeychainSwift')
    cd /Users/jpapiez/s/PFarm-Ios/PrintFarmer.xcodeproj
    builtin-Swift-Compilation -- /Applications/Xcode.app/Contents/Developer/Toolchains/XcodeDefault.xctoolchain/usr/bin/swiftc -module-name KeychainSwift -Onone -enforce-exclusivity\=checked @/Users/jpapiez/Library/Developer/Xcode/DerivedData/PrintFarmer-byzwiywlonqvgbabpubbocwdkoyx/Build/Intermediates.noindex/KeychainSwift.build/Debug-iphonesimulator/KeychainSwift.build/Objects-normal/arm64/KeychainSwift.SwiftFileList -DSWIFT_PACKAGE -DDEBUG -DSWIFT_MODULE_RESOURCE_BUNDLE_UNAVAILABLE -DXcode -plugin-path /Applications/Xcode.app/Contents/Developer/Toolchains/XcodeDefault.xctoolchain/usr/lib/swift/host/plugins/testing -enable-experimental-feature DebugDescriptionMacro -sdk /Applications/Xcode.app/Contents/Developer/Platforms/iPhoneSimulator.platform/Developer/SDKs/iPhoneSimulator26.2.sdk -target arm64-apple-ios12.0-simulator -g -module-cache-path /Users/jpapiez/Library/Developer/Xcode/DerivedData/ModuleCache.noindex -Xfrontend -serialize-debugging-options -profile-coverage-mapping -profile-generate -enable-testing -suppress-warnings -index-store-path /Users/jpapiez/Library/Developer/Xcode/DerivedData/PrintFarmer-byzwiywlonqvgbabpubbocwdkoyx/Index.noindex/DataStore -Xcc -D_LIBCPP_HARDENING_MODE\=_LIBCPP_HARDENING_MODE_DEBUG -swift-version 5 -I /Users/jpapiez/Library/Developer/Xcode/DerivedData/PrintFarmer-byzwiywlonqvgbabpubbocwdkoyx/Build/Products/Debug-iphonesimulator -Isystem /Applications/Xcode.app/Contents/Developer/Platforms/iPhoneSimulator.platform/Developer/usr/lib -F /Users/jpapiez/Library/Developer/Xcode/DerivedData/PrintFarmer-byzwiywlonqvgbabpubbocwdkoyx/Build/Products/Debug-iphonesimulator -F /Applications/Xcode.app/Contents/Developer/Platforms/iPhoneSimulator.platform/Developer/Library/Frameworks -F /Applications/Xcode.app/Contents/Developer/Platforms/iPhoneSimulator.platform/Developer/SDKs/iPhoneSimulator26.2.sdk/Developer/Library/Frameworks -c -j16 -enable-batch-mode -incremental -Xcc -ivfsstatcache -Xcc /Users/jpapiez/Library/Developer/Xcode/DerivedData/SDKStatCaches.noindex/iphonesimulator26.2-23C53-7d00a8b37fbd7999ea79df8ebc024bf0.sdkstatcache -output-file-map /Users/jpapiez/Library/Developer/Xcode/DerivedData/PrintFarmer-byzwiywlonqvgbabpubbocwdkoyx/Build/Intermediates.noindex/KeychainSwift.build/Debug-iphonesimulator/KeychainSwift.build/Objects-normal/arm64/KeychainSwift-OutputFileMap.json -use-frontend-parseable-output -save-temps -no-color-diagnostics -explicit-module-build -module-cache-path /Users/jpapiez/Library/Developer/Xcode/DerivedData/PrintFarmer-byzwiywlonqvgbabpubbocwdkoyx/Build/Intermediates.noindex/SwiftExplicitPrecompiledModules -clang-scanner-module-cache-path /Users/jpapiez/Library/Developer/Xcode/DerivedData/ModuleCache.noindex -sdk-module-cache-path /Users/jpapiez/Library/Developer/Xcode/DerivedData/ModuleCache.noindex -serialize-diagnostics -emit-dependencies -emit-module -emit-module-path /Users/jpapiez/Library/Developer/Xcode/DerivedData/PrintFarmer-byzwiywlonqvgbabpubbocwdkoyx/Build/Intermediates.noindex/KeychainSwift.build/Debug-iphonesimulator/KeychainSwift.build/Objects-normal/arm64/KeychainSwift.swiftmodule -validate-clang-modules-once -clang-build-session-file /Users/jpapiez/Library/Developer/Xcode/DerivedData/ModuleCache.noindex/Session.modulevalidation -Xcc -I/Users/jpapiez/Library/Developer/Xcode/DerivedData/PrintFarmer-byzwiywlonqvgbabpubbocwdkoyx/Build/Intermediates.noindex/KeychainSwift.build/Debug-iphonesimulator/KeychainSwift.build/swift-overrides.hmap -emit-const-values -Xfrontend -const-gather-protocols-file -Xfrontend /Users/jpapiez/Library/Developer/Xcode/DerivedData/PrintFarmer-byzwiywlonqvgbabpubbocwdkoyx/Build/Intermediates.noindex/KeychainSwift.build/Debug-iphonesimulator/KeychainSwift.build/Objects-normal/arm64/KeychainSwift_const_extract_protocols.json -Xcc -I/Users/jpapiez/Library/Developer/Xcode/DerivedData/PrintFarmer-byzwiywlonqvgbabpubbocwdkoyx/Build/Products/Debug-iphonesimulator/include -Xcc -I/Users/jpapiez/Library/Developer/Xcode/DerivedData/PrintFarmer-byzwiywlonqvgbabpubbocwdkoyx/Build/Intermediates.noindex/KeychainSwift.build/Debug-iphonesimulator/KeychainSwift.build/DerivedSources-normal/arm64 -Xcc -I/Users/jpapiez/Library/Developer/Xcode/DerivedData/PrintFarmer-byzwiywlonqvgbabpubbocwdkoyx/Build/Intermediates.noindex/KeychainSwift.build/Debug-iphonesimulator/KeychainSwift.build/DerivedSources/arm64 -Xcc -I/Users/jpapiez/Library/Developer/Xcode/DerivedData/PrintFarmer-byzwiywlonqvgbabpubbocwdkoyx/Build/Intermediates.noindex/KeychainSwift.build/Debug-iphonesimulator/KeychainSwift.build/DerivedSources -Xcc -DSWIFT_PACKAGE -Xcc -DDEBUG\=1 -emit-objc-header -emit-objc-header-path /Users/jpapiez/Library/Developer/Xcode/DerivedData/PrintFarmer-byzwiywlonqvgbabpubbocwdkoyx/Build/Intermediates.noindex/KeychainSwift.build/Debug-iphonesimulator/KeychainSwift.build/Objects-normal/arm64/KeychainSwift-Swift.h -working-directory /Users/jpapiez/s/PFarm-Ios/PrintFarmer.xcodeproj -experimental-emit-module-separately -disable-cmo

SwiftDriver\ Compilation\ Requirements KeychainSwift normal arm64 com.apple.xcode.tools.swift.compiler (in target 'KeychainSwift' from project 'KeychainSwift')
    cd /Users/jpapiez/s/PFarm-Ios/PrintFarmer.xcodeproj
    builtin-Swift-Compilation-Requirements -- /Applications/Xcode.app/Contents/Developer/Toolchains/XcodeDefault.xctoolchain/usr/bin/swiftc -module-name KeychainSwift -Onone -enforce-exclusivity\=checked @/Users/jpapiez/Library/Developer/Xcode/DerivedData/PrintFarmer-byzwiywlonqvgbabpubbocwdkoyx/Build/Intermediates.noindex/KeychainSwift.build/Debug-iphonesimulator/KeychainSwift.build/Objects-normal/arm64/KeychainSwift.SwiftFileList -DSWIFT_PACKAGE -DDEBUG -DSWIFT_MODULE_RESOURCE_BUNDLE_UNAVAILABLE -DXcode -plugin-path /Applications/Xcode.app/Contents/Developer/Toolchains/XcodeDefault.xctoolchain/usr/lib/swift/host/plugins/testing -enable-experimental-feature DebugDescriptionMacro -sdk /Applications/Xcode.app/Contents/Developer/Platforms/iPhoneSimulator.platform/Developer/SDKs/iPhoneSimulator26.2.sdk -target arm64-apple-ios12.0-simulator -g -module-cache-path /Users/jpapiez/Library/Developer/Xcode/DerivedData/ModuleCache.noindex -Xfrontend -serialize-debugging-options -profile-coverage-mapping -profile-generate -enable-testing -suppress-warnings -index-store-path /Users/jpapiez/Library/Developer/Xcode/DerivedData/PrintFarmer-byzwiywlonqvgbabpubbocwdkoyx/Index.noindex/DataStore -Xcc -D_LIBCPP_HARDENING_MODE\=_LIBCPP_HARDENING_MODE_DEBUG -swift-version 5 -I /Users/jpapiez/Library/Developer/Xcode/DerivedData/PrintFarmer-byzwiywlonqvgbabpubbocwdkoyx/Build/Products/Debug-iphonesimulator -Isystem /Applications/Xcode.app/Contents/Developer/Platforms/iPhoneSimulator.platform/Developer/usr/lib -F /Users/jpapiez/Library/Developer/Xcode/DerivedData/PrintFarmer-byzwiywlonqvgbabpubbocwdkoyx/Build/Products/Debug-iphonesimulator -F /Applications/Xcode.app/Contents/Developer/Platforms/iPhoneSimulator.platform/Developer/Library/Frameworks -F /Applications/Xcode.app/Contents/Developer/Platforms/iPhoneSimulator.platform/Developer/SDKs/iPhoneSimulator26.2.sdk/Developer/Library/Frameworks -c -j16 -enable-batch-mode -incremental -Xcc -ivfsstatcache -Xcc /Users/jpapiez/Library/Developer/Xcode/DerivedData/SDKStatCaches.noindex/iphonesimulator26.2-23C53-7d00a8b37fbd7999ea79df8ebc024bf0.sdkstatcache -output-file-map /Users/jpapiez/Library/Developer/Xcode/DerivedData/PrintFarmer-byzwiywlonqvgbabpubbocwdkoyx/Build/Intermediates.noindex/KeychainSwift.build/Debug-iphonesimulator/KeychainSwift.build/Objects-normal/arm64/KeychainSwift-OutputFileMap.json -use-frontend-parseable-output -save-temps -no-color-diagnostics -explicit-module-build -module-cache-path /Users/jpapiez/Library/Developer/Xcode/DerivedData/PrintFarmer-byzwiywlonqvgbabpubbocwdkoyx/Build/Intermediates.noindex/SwiftExplicitPrecompiledModules -clang-scanner-module-cache-path /Users/jpapiez/Library/Developer/Xcode/DerivedData/ModuleCache.noindex -sdk-module-cache-path /Users/jpapiez/Library/Developer/Xcode/DerivedData/ModuleCache.noindex -serialize-diagnostics -emit-dependencies -emit-module -emit-module-path /Users/jpapiez/Library/Developer/Xcode/DerivedData/PrintFarmer-byzwiywlonqvgbabpubbocwdkoyx/Build/Intermediates.noindex/KeychainSwift.build/Debug-iphonesimulator/KeychainSwift.build/Objects-normal/arm64/KeychainSwift.swiftmodule -validate-clang-modules-once -clang-build-session-file /Users/jpapiez/Library/Developer/Xcode/DerivedData/ModuleCache.noindex/Session.modulevalidation -Xcc -I/Users/jpapiez/Library/Developer/Xcode/DerivedData/PrintFarmer-byzwiywlonqvgbabpubbocwdkoyx/Build/Intermediates.noindex/KeychainSwift.build/Debug-iphonesimulator/KeychainSwift.build/swift-overrides.hmap -emit-const-values -Xfrontend -const-gather-protocols-file -Xfrontend /Users/jpapiez/Library/Developer/Xcode/DerivedData/PrintFarmer-byzwiywlonqvgbabpubbocwdkoyx/Build/Intermediates.noindex/KeychainSwift.build/Debug-iphonesimulator/KeychainSwift.build/Objects-normal/arm64/KeychainSwift_const_extract_protocols.json -Xcc -I/Users/jpapiez/Library/Developer/Xcode/DerivedData/PrintFarmer-byzwiywlonqvgbabpubbocwdkoyx/Build/Products/Debug-iphonesimulator/include -Xcc -I/Users/jpapiez/Library/Developer/Xcode/DerivedData/PrintFarmer-byzwiywlonqvgbabpubbocwdkoyx/Build/Intermediates.noindex/KeychainSwift.build/Debug-iphonesimulator/KeychainSwift.build/DerivedSources-normal/arm64 -Xcc -I/Users/jpapiez/Library/Developer/Xcode/DerivedData/PrintFarmer-byzwiywlonqvgbabpubbocwdkoyx/Build/Intermediates.noindex/KeychainSwift.build/Debug-iphonesimulator/KeychainSwift.build/DerivedSources/arm64 -Xcc -I/Users/jpapiez/Library/Developer/Xcode/DerivedData/PrintFarmer-byzwiywlonqvgbabpubbocwdkoyx/Build/Intermediates.noindex/KeychainSwift.build/Debug-iphonesimulator/KeychainSwift.build/DerivedSources -Xcc -DSWIFT_PACKAGE -Xcc -DDEBUG\=1 -emit-objc-header -emit-objc-header-path /Users/jpapiez/Library/Developer/Xcode/DerivedData/PrintFarmer-byzwiywlonqvgbabpubbocwdkoyx/Build/Intermediates.noindex/KeychainSwift.build/Debug-iphonesimulator/KeychainSwift.build/Objects-normal/arm64/KeychainSwift-Swift.h -working-directory /Users/jpapiez/s/PFarm-Ios/PrintFarmer.xcodeproj -experimental-emit-module-separately -disable-cmo

SwiftMergeGeneratedHeaders /Users/jpapiez/Library/Developer/Xcode/DerivedData/PrintFarmer-byzwiywlonqvgbabpubbocwdkoyx/Build/Intermediates.noindex/GeneratedModuleMaps-iphonesimulator/KeychainSwift-Swift.h /Users/jpapiez/Library/Developer/Xcode/DerivedData/PrintFarmer-byzwiywlonqvgbabpubbocwdkoyx/Build/Intermediates.noindex/KeychainSwift.build/Debug-iphonesimulator/KeychainSwift.build/Objects-normal/arm64/KeychainSwift-Swift.h (in target 'KeychainSwift' from project 'KeychainSwift')
    cd /Users/jpapiez/Library/Developer/Xcode/DerivedData/PrintFarmer-byzwiywlonqvgbabpubbocwdkoyx/SourcePackages/checkouts/keychain-swift
    builtin-swiftHeaderTool -arch arm64 /Users/jpapiez/Library/Developer/Xcode/DerivedData/PrintFarmer-byzwiywlonqvgbabpubbocwdkoyx/Build/Intermediates.noindex/KeychainSwift.build/Debug-iphonesimulator/KeychainSwift.build/Objects-normal/arm64/KeychainSwift-Swift.h -o /Users/jpapiez/Library/Developer/Xcode/DerivedData/PrintFarmer-byzwiywlonqvgbabpubbocwdkoyx/Build/Intermediates.noindex/GeneratedModuleMaps-iphonesimulator/KeychainSwift-Swift.h

Copy /Users/jpapiez/Library/Developer/Xcode/DerivedData/PrintFarmer-byzwiywlonqvgbabpubbocwdkoyx/Build/Products/Debug-iphonesimulator/KeychainSwift.swiftmodule/arm64-apple-ios-simulator.swiftmodule /Users/jpapiez/Library/Developer/Xcode/DerivedData/PrintFarmer-byzwiywlonqvgbabpubbocwdkoyx/Build/Intermediates.noindex/KeychainSwift.build/Debug-iphonesimulator/KeychainSwift.build/Objects-normal/arm64/KeychainSwift.swiftmodule (in target 'KeychainSwift' from project 'KeychainSwift')
    cd /Users/jpapiez/Library/Developer/Xcode/DerivedData/PrintFarmer-byzwiywlonqvgbabpubbocwdkoyx/SourcePackages/checkouts/keychain-swift
    builtin-copy -exclude .DS_Store -exclude CVS -exclude .svn -exclude .git -exclude .hg -resolve-src-symlinks -rename /Users/jpapiez/Library/Developer/Xcode/DerivedData/PrintFarmer-byzwiywlonqvgbabpubbocwdkoyx/Build/Intermediates.noindex/KeychainSwift.build/Debug-iphonesimulator/KeychainSwift.build/Objects-normal/arm64/KeychainSwift.swiftmodule /Users/jpapiez/Library/Developer/Xcode/DerivedData/PrintFarmer-byzwiywlonqvgbabpubbocwdkoyx/Build/Products/Debug-iphonesimulator/KeychainSwift.swiftmodule/arm64-apple-ios-simulator.swiftmodule

Copy /Users/jpapiez/Library/Developer/Xcode/DerivedData/PrintFarmer-byzwiywlonqvgbabpubbocwdkoyx/Build/Products/Debug-iphonesimulator/KeychainSwift.swiftmodule/arm64-apple-ios-simulator.swiftdoc /Users/jpapiez/Library/Developer/Xcode/DerivedData/PrintFarmer-byzwiywlonqvgbabpubbocwdkoyx/Build/Intermediates.noindex/KeychainSwift.build/Debug-iphonesimulator/KeychainSwift.build/Objects-normal/arm64/KeychainSwift.swiftdoc (in target 'KeychainSwift' from project 'KeychainSwift')
    cd /Users/jpapiez/Library/Developer/Xcode/DerivedData/PrintFarmer-byzwiywlonqvgbabpubbocwdkoyx/SourcePackages/checkouts/keychain-swift
    builtin-copy -exclude .DS_Store -exclude CVS -exclude .svn -exclude .git -exclude .hg -resolve-src-symlinks -rename /Users/jpapiez/Library/Developer/Xcode/DerivedData/PrintFarmer-byzwiywlonqvgbabpubbocwdkoyx/Build/Intermediates.noindex/KeychainSwift.build/Debug-iphonesimulator/KeychainSwift.build/Objects-normal/arm64/KeychainSwift.swiftdoc /Users/jpapiez/Library/Developer/Xcode/DerivedData/PrintFarmer-byzwiywlonqvgbabpubbocwdkoyx/Build/Products/Debug-iphonesimulator/KeychainSwift.swiftmodule/arm64-apple-ios-simulator.swiftdoc

Copy /Users/jpapiez/Library/Developer/Xcode/DerivedData/PrintFarmer-byzwiywlonqvgbabpubbocwdkoyx/Build/Products/Debug-iphonesimulator/KeychainSwift.swiftmodule/arm64-apple-ios-simulator.abi.json /Users/jpapiez/Library/Developer/Xcode/DerivedData/PrintFarmer-byzwiywlonqvgbabpubbocwdkoyx/Build/Intermediates.noindex/KeychainSwift.build/Debug-iphonesimulator/KeychainSwift.build/Objects-normal/arm64/KeychainSwift.abi.json (in target 'KeychainSwift' from project 'KeychainSwift')
    cd /Users/jpapiez/Library/Developer/Xcode/DerivedData/PrintFarmer-byzwiywlonqvgbabpubbocwdkoyx/SourcePackages/checkouts/keychain-swift
    builtin-copy -exclude .DS_Store -exclude CVS -exclude .svn -exclude .git -exclude .hg -resolve-src-symlinks -rename /Users/jpapiez/Library/Developer/Xcode/DerivedData/PrintFarmer-byzwiywlonqvgbabpubbocwdkoyx/Build/Intermediates.noindex/KeychainSwift.build/Debug-iphonesimulator/KeychainSwift.build/Objects-normal/arm64/KeychainSwift.abi.json /Users/jpapiez/Library/Developer/Xcode/DerivedData/PrintFarmer-byzwiywlonqvgbabpubbocwdkoyx/Build/Products/Debug-iphonesimulator/KeychainSwift.swiftmodule/arm64-apple-ios-simulator.abi.json

Copy /Users/jpapiez/Library/Developer/Xcode/DerivedData/PrintFarmer-byzwiywlonqvgbabpubbocwdkoyx/Build/Products/Debug-iphonesimulator/KeychainSwift.swiftmodule/Project/arm64-apple-ios-simulator.swiftsourceinfo /Users/jpapiez/Library/Developer/Xcode/DerivedData/PrintFarmer-byzwiywlonqvgbabpubbocwdkoyx/Build/Intermediates.noindex/KeychainSwift.build/Debug-iphonesimulator/KeychainSwift.build/Objects-normal/arm64/KeychainSwift.swiftsourceinfo (in target 'KeychainSwift' from project 'KeychainSwift')
    cd /Users/jpapiez/Library/Developer/Xcode/DerivedData/PrintFarmer-byzwiywlonqvgbabpubbocwdkoyx/SourcePackages/checkouts/keychain-swift
    builtin-copy -exclude .DS_Store -exclude CVS -exclude .svn -exclude .git -exclude .hg -resolve-src-symlinks -rename /Users/jpapiez/Library/Developer/Xcode/DerivedData/PrintFarmer-byzwiywlonqvgbabpubbocwdkoyx/Build/Intermediates.noindex/KeychainSwift.build/Debug-iphonesimulator/KeychainSwift.build/Objects-normal/arm64/KeychainSwift.swiftsourceinfo /Users/jpapiez/Library/Developer/Xcode/DerivedData/PrintFarmer-byzwiywlonqvgbabpubbocwdkoyx/Build/Products/Debug-iphonesimulator/KeychainSwift.swiftmodule/Project/arm64-apple-ios-simulator.swiftsourceinfo

Ld /Users/jpapiez/Library/Developer/Xcode/DerivedData/PrintFarmer-byzwiywlonqvgbabpubbocwdkoyx/Build/Products/Debug-iphonesimulator/KeychainSwift.o normal (in target 'KeychainSwift' from project 'KeychainSwift')
    cd /Users/jpapiez/Library/Developer/Xcode/DerivedData/PrintFarmer-byzwiywlonqvgbabpubbocwdkoyx/SourcePackages/checkouts/keychain-swift
    /Applications/Xcode.app/Contents/Developer/Toolchains/XcodeDefault.xctoolchain/usr/bin/clang -Xlinker -reproducible -target arm64-apple-ios12.0-simulator -r -isysroot /Applications/Xcode.app/Contents/Developer/Platforms/iPhoneSimulator.platform/Developer/SDKs/iPhoneSimulator26.2.sdk -O0 -w -L/Users/jpapiez/Library/Developer/Xcode/DerivedData/PrintFarmer-byzwiywlonqvgbabpubbocwdkoyx/Build/Intermediates.noindex/EagerLinkingTBDs/Debug-iphonesimulator -L/Users/jpapiez/Library/Developer/Xcode/DerivedData/PrintFarmer-byzwiywlonqvgbabpubbocwdkoyx/Build/Products/Debug-iphonesimulator -L/Applications/Xcode.app/Contents/Developer/Platforms/iPhoneSimulator.platform/Developer/usr/lib -F/Users/jpapiez/Library/Developer/Xcode/DerivedData/PrintFarmer-byzwiywlonqvgbabpubbocwdkoyx/Build/Intermediates.noindex/EagerLinkingTBDs/Debug-iphonesimulator -F/Users/jpapiez/Library/Developer/Xcode/DerivedData/PrintFarmer-byzwiywlonqvgbabpubbocwdkoyx/Build/Products/Debug-iphonesimulator -iframework /Applications/Xcode.app/Contents/Developer/Platforms/iPhoneSimulator.platform/Developer/Library/Frameworks -iframework /Applications/Xcode.app/Contents/Developer/Platforms/iPhoneSimulator.platform/Developer/SDKs/iPhoneSimulator26.2.sdk/Developer/Library/Frameworks -filelist /Users/jpapiez/Library/Developer/Xcode/DerivedData/PrintFarmer-byzwiywlonqvgbabpubbocwdkoyx/Build/Intermediates.noindex/KeychainSwift.build/Debug-iphonesimulator/KeychainSwift.build/Objects-normal/arm64/KeychainSwift.LinkFileList -nostdlib -Xlinker -object_path_lto -Xlinker /Users/jpapiez/Library/Developer/Xcode/DerivedData/PrintFarmer-byzwiywlonqvgbabpubbocwdkoyx/Build/Intermediates.noindex/KeychainSwift.build/Debug-iphonesimulator/KeychainSwift.build/Objects-normal/arm64/KeychainSwift_lto.o -rdynamic -Xlinker -no_deduplicate -Xlinker -objc_abi_version -Xlinker 2 -Xlinker -debug_variant -Xlinker -dependency_info -Xlinker /Users/jpapiez/Library/Developer/Xcode/DerivedData/PrintFarmer-byzwiywlonqvgbabpubbocwdkoyx/Build/Intermediates.noindex/KeychainSwift.build/Debug-iphonesimulator/KeychainSwift.build/Objects-normal/arm64/KeychainSwift_dependency_info.dat -fobjc-link-runtime -L/Applications/Xcode.app/Contents/Developer/Toolchains/XcodeDefault.xctoolchain/usr/lib/swift/iphonesimulator -L/usr/lib/swift -Xlinker -add_ast_path -Xlinker /Users/jpapiez/Library/Developer/Xcode/DerivedData/PrintFarmer-byzwiywlonqvgbabpubbocwdkoyx/Build/Intermediates.noindex/KeychainSwift.build/Debug-iphonesimulator/KeychainSwift.build/Objects-normal/arm64/KeychainSwift.swiftmodule @/Users/jpapiez/Library/Developer/Xcode/DerivedData/PrintFarmer-byzwiywlonqvgbabpubbocwdkoyx/Build/Intermediates.noindex/KeychainSwift.build/Debug-iphonesimulator/KeychainSwift.build/Objects-normal/arm64/KeychainSwift-linker-args.resp -o /Users/jpapiez/Library/Developer/Xcode/DerivedData/PrintFarmer-byzwiywlonqvgbabpubbocwdkoyx/Build/Products/Debug-iphonesimulator/KeychainSwift.o

ProcessProductPackaging /Users/jpapiez/s/PFarm-Ios/PrintFarmer/PrintFarmer.entitlements /Users/jpapiez/Library/Developer/Xcode/DerivedData/PrintFarmer-byzwiywlonqvgbabpubbocwdkoyx/Build/Intermediates.noindex/PrintFarmer.build/Debug-iphonesimulator/PrintFarmer.build/PrintFarmer.app.xcent (in target 'PrintFarmer' from project 'PrintFarmer')
    cd /Users/jpapiez/s/PFarm-Ios
    
    Entitlements:
    
    {
}
    
    builtin-productPackagingUtility /Users/jpapiez/s/PFarm-Ios/PrintFarmer/PrintFarmer.entitlements -entitlements -format xml -o /Users/jpapiez/Library/Developer/Xcode/DerivedData/PrintFarmer-byzwiywlonqvgbabpubbocwdkoyx/Build/Intermediates.noindex/PrintFarmer.build/Debug-iphonesimulator/PrintFarmer.build/PrintFarmer.app.xcent

ProcessProductPackaging /Users/jpapiez/s/PFarm-Ios/PrintFarmer/PrintFarmer.entitlements /Users/jpapiez/Library/Developer/Xcode/DerivedData/PrintFarmer-byzwiywlonqvgbabpubbocwdkoyx/Build/Intermediates.noindex/PrintFarmer.build/Debug-iphonesimulator/PrintFarmer.build/PrintFarmer.app-Simulated.xcent (in target 'PrintFarmer' from project 'PrintFarmer')
    cd /Users/jpapiez/s/PFarm-Ios
    
    Entitlements:
    
    {
    "application-identifier" = "ZPKA84F3TY.com.olyforge3d.printfarmer.ios";
    "com.apple.developer.nfc.readersession.formats" =     (
        TAG
    );
}
    
    builtin-productPackagingUtility /Users/jpapiez/s/PFarm-Ios/PrintFarmer/PrintFarmer.entitlements -entitlements -format xml -o /Users/jpapiez/Library/Developer/Xcode/DerivedData/PrintFarmer-byzwiywlonqvgbabpubbocwdkoyx/Build/Intermediates.noindex/PrintFarmer.build/Debug-iphonesimulator/PrintFarmer.build/PrintFarmer.app-Simulated.xcent

ProcessProductPackagingDER /Users/jpapiez/Library/Developer/Xcode/DerivedData/PrintFarmer-byzwiywlonqvgbabpubbocwdkoyx/Build/Intermediates.noindex/PrintFarmer.build/Debug-iphonesimulator/PrintFarmer.build/PrintFarmer.app.xcent /Users/jpapiez/Library/Developer/Xcode/DerivedData/PrintFarmer-byzwiywlonqvgbabpubbocwdkoyx/Build/Intermediates.noindex/PrintFarmer.build/Debug-iphonesimulator/PrintFarmer.build/PrintFarmer.app.xcent.der (in target 'PrintFarmer' from project 'PrintFarmer')
    cd /Users/jpapiez/s/PFarm-Ios
    /usr/bin/derq query -f xml -i /Users/jpapiez/Library/Developer/Xcode/DerivedData/PrintFarmer-byzwiywlonqvgbabpubbocwdkoyx/Build/Intermediates.noindex/PrintFarmer.build/Debug-iphonesimulator/PrintFarmer.build/PrintFarmer.app.xcent -o /Users/jpapiez/Library/Developer/Xcode/DerivedData/PrintFarmer-byzwiywlonqvgbabpubbocwdkoyx/Build/Intermediates.noindex/PrintFarmer.build/Debug-iphonesimulator/PrintFarmer.build/PrintFarmer.app.xcent.der --raw

ProcessProductPackagingDER /Users/jpapiez/Library/Developer/Xcode/DerivedData/PrintFarmer-byzwiywlonqvgbabpubbocwdkoyx/Build/Intermediates.noindex/PrintFarmer.build/Debug-iphonesimulator/PrintFarmer.build/PrintFarmer.app-Simulated.xcent /Users/jpapiez/Library/Developer/Xcode/DerivedData/PrintFarmer-byzwiywlonqvgbabpubbocwdkoyx/Build/Intermediates.noindex/PrintFarmer.build/Debug-iphonesimulator/PrintFarmer.build/PrintFarmer.app-Simulated.xcent.der (in target 'PrintFarmer' from project 'PrintFarmer')
    cd /Users/jpapiez/s/PFarm-Ios
    /usr/bin/derq query -f xml -i /Users/jpapiez/Library/Developer/Xcode/DerivedData/PrintFarmer-byzwiywlonqvgbabpubbocwdkoyx/Build/Intermediates.noindex/PrintFarmer.build/Debug-iphonesimulator/PrintFarmer.build/PrintFarmer.app-Simulated.xcent -o /Users/jpapiez/Library/Developer/Xcode/DerivedData/PrintFarmer-byzwiywlonqvgbabpubbocwdkoyx/Build/Intermediates.noindex/PrintFarmer.build/Debug-iphonesimulator/PrintFarmer.build/PrintFarmer.app-Simulated.xcent.der --raw

CompileAssetCatalogVariant thinned /Users/jpapiez/Library/Developer/Xcode/DerivedData/PrintFarmer-byzwiywlonqvgbabpubbocwdkoyx/Build/Products/Debug-iphonesimulator/PrintFarmer.app /Users/jpapiez/s/PFarm-Ios/PrintFarmer/Assets.xcassets (in target 'PrintFarmer' from project 'PrintFarmer')
    cd /Users/jpapiez/s/PFarm-Ios
    /Applications/Xcode.app/Contents/Developer/usr/bin/actool /Users/jpapiez/s/PFarm-Ios/PrintFarmer/Assets.xcassets --compile /Users/jpapiez/Library/Developer/Xcode/DerivedData/PrintFarmer-byzwiywlonqvgbabpubbocwdkoyx/Build/Intermediates.noindex/PrintFarmer.build/Debug-iphonesimulator/PrintFarmer.build/assetcatalog_output/thinned --output-format human-readable-text --notices --warnings --export-dependency-info /Users/jpapiez/Library/Developer/Xcode/DerivedData/PrintFarmer-byzwiywlonqvgbabpubbocwdkoyx/Build/Intermediates.noindex/PrintFarmer.build/Debug-iphonesimulator/PrintFarmer.build/assetcatalog_dependencies_thinned --output-partial-info-plist /Users/jpapiez/Library/Developer/Xcode/DerivedData/PrintFarmer-byzwiywlonqvgbabpubbocwdkoyx/Build/Intermediates.noindex/PrintFarmer.build/Debug-iphonesimulator/PrintFarmer.build/assetcatalog_generated_info.plist_thinned --app-icon AppIcon --compress-pngs --enable-on-demand-resources YES --filter-for-thinning-device-configuration iPhone18,3 --filter-for-device-os-version 26.3.1 --development-region en --target-device iphone --target-device ipad --minimum-deployment-target 17.0 --platform iphonesimulator

SwiftDriver\ Compilation PrintFarmer normal arm64 com.apple.xcode.tools.swift.compiler (in target 'PrintFarmer' from project 'PrintFarmer')
    cd /Users/jpapiez/s/PFarm-Ios
    builtin-Swift-Compilation -- /Applications/Xcode.app/Contents/Developer/Toolchains/XcodeDefault.xctoolchain/usr/bin/swiftc -module-name PrintFarmer -Onone -enforce-exclusivity\=checked @/Users/jpapiez/Library/Developer/Xcode/DerivedData/PrintFarmer-byzwiywlonqvgbabpubbocwdkoyx/Build/Intermediates.noindex/PrintFarmer.build/Debug-iphonesimulator/PrintFarmer.build/Objects-normal/arm64/PrintFarmer.SwiftFileList -DDEBUG -enable-experimental-feature DebugDescriptionMacro -sdk /Applications/Xcode.app/Contents/Developer/Platforms/iPhoneSimulator.platform/Developer/SDKs/iPhoneSimulator26.2.sdk -target arm64-apple-ios17.0-simulator -g -module-cache-path /Users/jpapiez/Library/Developer/Xcode/DerivedData/ModuleCache.noindex -Xfrontend -serialize-debugging-options -profile-coverage-mapping -profile-generate -enable-testing -index-store-path /Users/jpapiez/Library/Developer/Xcode/DerivedData/PrintFarmer-byzwiywlonqvgbabpubbocwdkoyx/Index.noindex/DataStore -Xcc -D_LIBCPP_HARDENING_MODE\=_LIBCPP_HARDENING_MODE_DEBUG -swift-version 6 -I /Users/jpapiez/Library/Developer/Xcode/DerivedData/PrintFarmer-byzwiywlonqvgbabpubbocwdkoyx/Build/Products/Debug-iphonesimulator -F /Users/jpapiez/Library/Developer/Xcode/DerivedData/PrintFarmer-byzwiywlonqvgbabpubbocwdkoyx/Build/Products/Debug-iphonesimulator/PackageFrameworks -F /Users/jpapiez/Library/Developer/Xcode/DerivedData/PrintFarmer-byzwiywlonqvgbabpubbocwdkoyx/Build/Products/Debug-iphonesimulator -emit-localized-strings -emit-localized-strings-path /Users/jpapiez/Library/Developer/Xcode/DerivedData/PrintFarmer-byzwiywlonqvgbabpubbocwdkoyx/Build/Intermediates.noindex/PrintFarmer.build/Debug-iphonesimulator/PrintFarmer.build/Objects-normal/arm64 -c -j16 -enable-batch-mode -incremental -Xcc -ivfsstatcache -Xcc /Users/jpapiez/Library/Developer/Xcode/DerivedData/SDKStatCaches.noindex/iphonesimulator26.2-23C53-7d00a8b37fbd7999ea79df8ebc024bf0.sdkstatcache -output-file-map /Users/jpapiez/Library/Developer/Xcode/DerivedData/PrintFarmer-byzwiywlonqvgbabpubbocwdkoyx/Build/Intermediates.noindex/PrintFarmer.build/Debug-iphonesimulator/PrintFarmer.build/Objects-normal/arm64/PrintFarmer-OutputFileMap.json -use-frontend-parseable-output -save-temps -no-color-diagnostics -explicit-module-build -module-cache-path /Users/jpapiez/Library/Developer/Xcode/DerivedData/PrintFarmer-byzwiywlonqvgbabpubbocwdkoyx/Build/Intermediates.noindex/SwiftExplicitPrecompiledModules -clang-scanner-module-cache-path /Users/jpapiez/Library/Developer/Xcode/DerivedData/ModuleCache.noindex -sdk-module-cache-path /Users/jpapiez/Library/Developer/Xcode/DerivedData/ModuleCache.noindex -serialize-diagnostics -emit-dependencies -emit-module -emit-module-path /Users/jpapiez/Library/Developer/Xcode/DerivedData/PrintFarmer-byzwiywlonqvgbabpubbocwdkoyx/Build/Intermediates.noindex/PrintFarmer.build/Debug-iphonesimulator/PrintFarmer.build/Objects-normal/arm64/PrintFarmer.swiftmodule -validate-clang-modules-once -clang-build-session-file /Users/jpapiez/Library/Developer/Xcode/DerivedData/ModuleCache.noindex/Session.modulevalidation -Xcc -I/Users/jpapiez/Library/Developer/Xcode/DerivedData/PrintFarmer-byzwiywlonqvgbabpubbocwdkoyx/Build/Intermediates.noindex/PrintFarmer.build/Debug-iphonesimulator/PrintFarmer.build/swift-overrides.hmap -emit-const-values -Xfrontend -const-gather-protocols-file -Xfrontend /Users/jpapiez/Library/Developer/Xcode/DerivedData/PrintFarmer-byzwiywlonqvgbabpubbocwdkoyx/Build/Intermediates.noindex/PrintFarmer.build/Debug-iphonesimulator/PrintFarmer.build/Objects-normal/arm64/PrintFarmer_const_extract_protocols.json -Xcc -iquote -Xcc /Users/jpapiez/Library/Developer/Xcode/DerivedData/PrintFarmer-byzwiywlonqvgbabpubbocwdkoyx/Build/Intermediates.noindex/PrintFarmer.build/Debug-iphonesimulator/PrintFarmer.build/PrintFarmer-generated-files.hmap -Xcc -I/Users/jpapiez/Library/Developer/Xcode/DerivedData/PrintFarmer-byzwiywlonqvgbabpubbocwdkoyx/Build/Intermediates.noindex/PrintFarmer.build/Debug-iphonesimulator/PrintFarmer.build/PrintFarmer-own-target-headers.hmap -Xcc -I/Users/jpapiez/Library/Developer/Xcode/DerivedData/PrintFarmer-byzwiywlonqvgbabpubbocwdkoyx/Build/Intermediates.noindex/PrintFarmer.build/Debug-iphonesimulator/PrintFarmer.build/PrintFarmer-all-non-framework-target-headers.hmap -Xcc -ivfsoverlay -Xcc /Users/jpapiez/Library/Developer/Xcode/DerivedData/PrintFarmer-byzwiywlonqvgbabpubbocwdkoyx/Build/Intermediates.noindex/PrintFarmer.build/Debug-iphonesimulator/PrintFarmer-b2cc81fe91e9a52faac3958ec00b5b54-VFS-iphonesimulator/all-product-headers.yaml -Xcc -iquote -Xcc /Users/jpapiez/Library/Developer/Xcode/DerivedData/PrintFarmer-byzwiywlonqvgbabpubbocwdkoyx/Build/Intermediates.noindex/PrintFarmer.build/Debug-iphonesimulator/PrintFarmer.build/PrintFarmer-project-headers.hmap -Xcc -I/Users/jpapiez/Library/Developer/Xcode/DerivedData/PrintFarmer-byzwiywlonqvgbabpubbocwdkoyx/Build/Products/Debug-iphonesimulator/include -Xcc -I/Users/jpapiez/Library/Developer/Xcode/DerivedData/PrintFarmer-byzwiywlonqvgbabpubbocwdkoyx/Build/Intermediates.noindex/PrintFarmer.build/Debug-iphonesimulator/PrintFarmer.build/DerivedSources-normal/arm64 -Xcc -I/Users/jpapiez/Library/Developer/Xcode/DerivedData/PrintFarmer-byzwiywlonqvgbabpubbocwdkoyx/Build/Intermediates.noindex/PrintFarmer.build/Debug-iphonesimulator/PrintFarmer.build/DerivedSources/arm64 -Xcc -I/Users/jpapiez/Library/Developer/Xcode/DerivedData/PrintFarmer-byzwiywlonqvgbabpubbocwdkoyx/Build/Intermediates.noindex/PrintFarmer.build/Debug-iphonesimulator/PrintFarmer.build/DerivedSources -Xcc -DDEBUG\=1 -emit-objc-header -emit-objc-header-path /Users/jpapiez/Library/Developer/Xcode/DerivedData/PrintFarmer-byzwiywlonqvgbabpubbocwdkoyx/Build/Intermediates.noindex/PrintFarmer.build/Debug-iphonesimulator/PrintFarmer.build/Objects-normal/arm64/PrintFarmer-Swift.h -working-directory /Users/jpapiez/s/PFarm-Ios -experimental-emit-module-separately -disable-cmo
error: Build input files cannot be found: '/Users/jpapiez/s/PFarm-Ios/PrintFarmer/Models/AutoPrintModels.swift', '/Users/jpapiez/s/PFarm-Ios/PrintFarmer/Services/AutoPrintService.swift', '/Users/jpapiez/s/PFarm-Ios/PrintFarmer/ViewModels/AutoPrintViewModel.swift', '/Users/jpapiez/s/PFarm-Ios/PrintFarmer/Views/Printers/AutoPrintSection.swift'. Did you forget to declare these files as outputs of any script phases or custom build rules which produce them? (in target 'PrintFarmer' from project 'PrintFarmer')

SwiftDriver\ Compilation\ Requirements PrintFarmer normal arm64 com.apple.xcode.tools.swift.compiler (in target 'PrintFarmer' from project 'PrintFarmer')
    cd /Users/jpapiez/s/PFarm-Ios
    builtin-Swift-Compilation-Requirements -- /Applications/Xcode.app/Contents/Developer/Toolchains/XcodeDefault.xctoolchain/usr/bin/swiftc -module-name PrintFarmer -Onone -enforce-exclusivity\=checked @/Users/jpapiez/Library/Developer/Xcode/DerivedData/PrintFarmer-byzwiywlonqvgbabpubbocwdkoyx/Build/Intermediates.noindex/PrintFarmer.build/Debug-iphonesimulator/PrintFarmer.build/Objects-normal/arm64/PrintFarmer.SwiftFileList -DDEBUG -enable-experimental-feature DebugDescriptionMacro -sdk /Applications/Xcode.app/Contents/Developer/Platforms/iPhoneSimulator.platform/Developer/SDKs/iPhoneSimulator26.2.sdk -target arm64-apple-ios17.0-simulator -g -module-cache-path /Users/jpapiez/Library/Developer/Xcode/DerivedData/ModuleCache.noindex -Xfrontend -serialize-debugging-options -profile-coverage-mapping -profile-generate -enable-testing -index-store-path /Users/jpapiez/Library/Developer/Xcode/DerivedData/PrintFarmer-byzwiywlonqvgbabpubbocwdkoyx/Index.noindex/DataStore -Xcc -D_LIBCPP_HARDENING_MODE\=_LIBCPP_HARDENING_MODE_DEBUG -swift-version 6 -I /Users/jpapiez/Library/Developer/Xcode/DerivedData/PrintFarmer-byzwiywlonqvgbabpubbocwdkoyx/Build/Products/Debug-iphonesimulator -F /Users/jpapiez/Library/Developer/Xcode/DerivedData/PrintFarmer-byzwiywlonqvgbabpubbocwdkoyx/Build/Products/Debug-iphonesimulator/PackageFrameworks -F /Users/jpapiez/Library/Developer/Xcode/DerivedData/PrintFarmer-byzwiywlonqvgbabpubbocwdkoyx/Build/Products/Debug-iphonesimulator -emit-localized-strings -emit-localized-strings-path /Users/jpapiez/Library/Developer/Xcode/DerivedData/PrintFarmer-byzwiywlonqvgbabpubbocwdkoyx/Build/Intermediates.noindex/PrintFarmer.build/Debug-iphonesimulator/PrintFarmer.build/Objects-normal/arm64 -c -j16 -enable-batch-mode -incremental -Xcc -ivfsstatcache -Xcc /Users/jpapiez/Library/Developer/Xcode/DerivedData/SDKStatCaches.noindex/iphonesimulator26.2-23C53-7d00a8b37fbd7999ea79df8ebc024bf0.sdkstatcache -output-file-map /Users/jpapiez/Library/Developer/Xcode/DerivedData/PrintFarmer-byzwiywlonqvgbabpubbocwdkoyx/Build/Intermediates.noindex/PrintFarmer.build/Debug-iphonesimulator/PrintFarmer.build/Objects-normal/arm64/PrintFarmer-OutputFileMap.json -use-frontend-parseable-output -save-temps -no-color-diagnostics -explicit-module-build -module-cache-path /Users/jpapiez/Library/Developer/Xcode/DerivedData/PrintFarmer-byzwiywlonqvgbabpubbocwdkoyx/Build/Intermediates.noindex/SwiftExplicitPrecompiledModules -clang-scanner-module-cache-path /Users/jpapiez/Library/Developer/Xcode/DerivedData/ModuleCache.noindex -sdk-module-cache-path /Users/jpapiez/Library/Developer/Xcode/DerivedData/ModuleCache.noindex -serialize-diagnostics -emit-dependencies -emit-module -emit-module-path /Users/jpapiez/Library/Developer/Xcode/DerivedData/PrintFarmer-byzwiywlonqvgbabpubbocwdkoyx/Build/Intermediates.noindex/PrintFarmer.build/Debug-iphonesimulator/PrintFarmer.build/Objects-normal/arm64/PrintFarmer.swiftmodule -validate-clang-modules-once -clang-build-session-file /Users/jpapiez/Library/Developer/Xcode/DerivedData/ModuleCache.noindex/Session.modulevalidation -Xcc -I/Users/jpapiez/Library/Developer/Xcode/DerivedData/PrintFarmer-byzwiywlonqvgbabpubbocwdkoyx/Build/Intermediates.noindex/PrintFarmer.build/Debug-iphonesimulator/PrintFarmer.build/swift-overrides.hmap -emit-const-values -Xfrontend -const-gather-protocols-file -Xfrontend /Users/jpapiez/Library/Developer/Xcode/DerivedData/PrintFarmer-byzwiywlonqvgbabpubbocwdkoyx/Build/Intermediates.noindex/PrintFarmer.build/Debug-iphonesimulator/PrintFarmer.build/Objects-normal/arm64/PrintFarmer_const_extract_protocols.json -Xcc -iquote -Xcc /Users/jpapiez/Library/Developer/Xcode/DerivedData/PrintFarmer-byzwiywlonqvgbabpubbocwdkoyx/Build/Intermediates.noindex/PrintFarmer.build/Debug-iphonesimulator/PrintFarmer.build/PrintFarmer-generated-files.hmap -Xcc -I/Users/jpapiez/Library/Developer/Xcode/DerivedData/PrintFarmer-byzwiywlonqvgbabpubbocwdkoyx/Build/Intermediates.noindex/PrintFarmer.build/Debug-iphonesimulator/PrintFarmer.build/PrintFarmer-own-target-headers.hmap -Xcc -I/Users/jpapiez/Library/Developer/Xcode/DerivedData/PrintFarmer-byzwiywlonqvgbabpubbocwdkoyx/Build/Intermediates.noindex/PrintFarmer.build/Debug-iphonesimulator/PrintFarmer.build/PrintFarmer-all-non-framework-target-headers.hmap -Xcc -ivfsoverlay -Xcc /Users/jpapiez/Library/Developer/Xcode/DerivedData/PrintFarmer-byzwiywlonqvgbabpubbocwdkoyx/Build/Intermediates.noindex/PrintFarmer.build/Debug-iphonesimulator/PrintFarmer-b2cc81fe91e9a52faac3958ec00b5b54-VFS-iphonesimulator/all-product-headers.yaml -Xcc -iquote -Xcc /Users/jpapiez/Library/Developer/Xcode/DerivedData/PrintFarmer-byzwiywlonqvgbabpubbocwdkoyx/Build/Intermediates.noindex/PrintFarmer.build/Debug-iphonesimulator/PrintFarmer.build/PrintFarmer-project-headers.hmap -Xcc -I/Users/jpapiez/Library/Developer/Xcode/DerivedData/PrintFarmer-byzwiywlonqvgbabpubbocwdkoyx/Build/Products/Debug-iphonesimulator/include -Xcc -I/Users/jpapiez/Library/Developer/Xcode/DerivedData/PrintFarmer-byzwiywlonqvgbabpubbocwdkoyx/Build/Intermediates.noindex/PrintFarmer.build/Debug-iphonesimulator/PrintFarmer.build/DerivedSources-normal/arm64 -Xcc -I/Users/jpapiez/Library/Developer/Xcode/DerivedData/PrintFarmer-byzwiywlonqvgbabpubbocwdkoyx/Build/Intermediates.noindex/PrintFarmer.build/Debug-iphonesimulator/PrintFarmer.build/DerivedSources/arm64 -Xcc -I/Users/jpapiez/Library/Developer/Xcode/DerivedData/PrintFarmer-byzwiywlonqvgbabpubbocwdkoyx/Build/Intermediates.noindex/PrintFarmer.build/Debug-iphonesimulator/PrintFarmer.build/DerivedSources -Xcc -DDEBUG\=1 -emit-objc-header -emit-objc-header-path /Users/jpapiez/Library/Developer/Xcode/DerivedData/PrintFarmer-byzwiywlonqvgbabpubbocwdkoyx/Build/Intermediates.noindex/PrintFarmer.build/Debug-iphonesimulator/PrintFarmer.build/Objects-normal/arm64/PrintFarmer-Swift.h -working-directory /Users/jpapiez/s/PFarm-Ios -experimental-emit-module-separately -disable-cmo
error: Build input files cannot be found: '/Users/jpapiez/s/PFarm-Ios/PrintFarmer/Views/Printers/AutoPrintSection.swift', '/Users/jpapiez/s/PFarm-Ios/PrintFarmer/ViewModels/AutoPrintViewModel.swift', '/Users/jpapiez/s/PFarm-Ios/PrintFarmer/Services/AutoPrintService.swift', '/Users/jpapiez/s/PFarm-Ios/PrintFarmer/Models/AutoPrintModels.swift'. Did you forget to declare these files as outputs of any script phases or custom build rules which produce them? (in target 'PrintFarmer' from project 'PrintFarmer')


Test session results, code coverage, and logs:
	/Users/jpapiez/Library/Developer/Xcode/DerivedData/PrintFarmer-byzwiywlonqvgbabpubbocwdkoyx/Logs/Test/Test-PrintFarmer-2026.03.11_08-51-24--0700.xcresult

Testing failed:
	Build input files cannot be found: '/Users/jpapiez/s/PFarm-Ios/PrintFarmer/Models/AutoPrintModels.swift', '/Users/jpapiez/s/PFarm-Ios/PrintFarmer/Services/AutoPrintService.swift', '/Users/jpapiez/s/PFarm-Ios/PrintFarmer/ViewModels/AutoPrintViewModel.swift', '/Users/jpapiez/s/PFarm-Ios/PrintFarmer/Views/Printers/AutoPrintSection.swift'. Did you forget to declare these files as outputs of any script phases or custom build rules which produce them?
	Build input files cannot be found: '/Users/jpapiez/s/PFarm-Ios/PrintFarmer/Views/Printers/AutoPrintSection.swift', '/Users/jpapiez/s/PFarm-Ios/PrintFarmer/ViewModels/AutoPrintViewModel.swift', '/Users/jpapiez/s/PFarm-Ios/PrintFarmer/Services/AutoPrintService.swift', '/Users/jpapiez/s/PFarm-Ios/PrintFarmer/Models/AutoPrintModels.swift'. Did you forget to declare these files as outputs of any script phases or custom build rules which produce them?
	Testing cancelled because the build failed.

** TEST FAILED **


The following build commands failed:
	SwiftDriver\ Compilation PrintFarmer normal arm64 com.apple.xcode.tools.swift.compiler (in target 'PrintFarmer' from project 'PrintFarmer')
	SwiftDriver\ Compilation\ Requirements PrintFarmer normal arm64 com.apple.xcode.tools.swift.compiler (in target 'PrintFarmer' from project 'PrintFarmer')
	Testing project PrintFarmer with scheme PrintFarmer
(3 failures)
